============================= test session starts =============================
platform win32 -- Python 3.11.9, pytest-9.0.1, pluggy-1.6.0 -- C:\Users\Administrator\AppData\Local\Programs\Python\Python311\python.exe
cachedir: .pytest_cache
rootdir: D:\ai-quant-backtester
plugins: anyio-4.11.0
collecting ... collected 1 item

tests/test_backtest_engine.py::TestBacktestEngine::test_basic_run_long FAILED [100%]

================================== FAILURES ===================================
___________________ TestBacktestEngine.test_basic_run_long ____________________

self = <tests.test_backtest_engine.TestBacktestEngine object at 0x0000023BCB011210>
engine = <src.backtest_engine.BacktestEngine object at 0x0000023BCB007950>
sample_data =             open  high  low  close  volume
2023-01-01   100   105   95    102    1000
2023-01-02   101   106   96    1...8   107   112  102    109    1000
2023-01-09   108   113  103    110    1000
2023-01-10   109   114  104    111    1000

    def test_basic_run_long(self, engine, sample_data):
        # Buy on day 1 (executes day 2), Hold until day 5 (executes day 6)
        signals = pd.Series(0.0, index=sample_data.index)
        # Signal 1 means "Target 100% Long". 0 means "Flat".
        # To hold, we must maintain signal 1.
        signals.iloc[1:5] = 1.0
        signals.iloc[5:] = 0.0
    
        engine.run(sample_data, signals)
    
        # Expect:
        # 1. Day 2: Buy (Signal 1 from Day 1)
        # 2. Day 6: Sell (Signal 0 from Day 5)
>       assert len(engine.trades) == 2
E       AssertionError: assert 5 == 2
E        +  where 5 = len([Trade(entry_date=np.datetime64('2023-01-03T00:00:00.000000000'), entry_price=102.05099999999999, quantity=np.float64(93.13725490104767), type='BUY', entry_equity=np.float64(9990.495250000093)), Trade(entry_date=np.datetime64('2023-01-04T00:00:00.000000000'), entry_price=102.94850000000001, quantity=np.float64(0.17668810917224675), type='SELL', entry_equity=np.float64(10073.085936273785)), Trade(entry_date=np.datetime64('2023-01-05T00:00:00.000000000'), entry_price=103.94800000000001, quantity=np.float64(0.05391031543541658), type='SELL', entry_equity=np.float64(10165.000022782264)), Trade(entry_date=np.datetime64('2023-01-06T00:00:00.000000000'), entry_price=104.9475, quantity=np.float64(0.05331424755570424), type='SELL', entry_equity=np.float64(10256.860225930464)), Trade(entry_date=np.datetime64('2023-01-07T00:00:00.000000000'), entry_price=105.947, quantity=np.float64(92.8533422288843), type='SELL', entry_equity=np.float64(10339.829608439111))])
E        +    where [Trade(entry_date=np.datetime64('2023-01-03T00:00:00.000000000'), entry_price=102.05099999999999, quantity=np.float64(93.13725490104767), type='BUY', entry_equity=np.float64(9990.495250000093)), Trade(entry_date=np.datetime64('2023-01-04T00:00:00.000000000'), entry_price=102.94850000000001, quantity=np.float64(0.17668810917224675), type='SELL', entry_equity=np.float64(10073.085936273785)), Trade(entry_date=np.datetime64('2023-01-05T00:00:00.000000000'), entry_price=103.94800000000001, quantity=np.float64(0.05391031543541658), type='SELL', entry_equity=np.float64(10165.000022782264)), Trade(entry_date=np.datetime64('2023-01-06T00:00:00.000000000'), entry_price=104.9475, quantity=np.float64(0.05331424755570424), type='SELL', entry_equity=np.float64(10256.860225930464)), Trade(entry_date=np.datetime64('2023-01-07T00:00:00.000000000'), entry_price=105.947, quantity=np.float64(92.8533422288843), type='SELL', entry_equity=np.float64(10339.829608439111))] = <src.backtest_engine.BacktestEngine object at 0x0000023BCB007950>.trades

tests\test_backtest_engine.py:45: AssertionError
=========================== short test summary info ===========================
FAILED tests/test_backtest_engine.py::TestBacktestEngine::test_basic_run_long - AssertionError: assert 5 == 2
 +  where 5 = len([Trade(entry_date=np.datetime64('2023-01-03T00:00:00.000000000'), entry_price=102.05099999999999, quantity=np.float64(93.13725490104767), type='BUY', entry_equity=np.float64(9990.495250000093)), Trade(entry_date=np.datetime64('2023-01-04T00:00:00.000000000'), entry_price=102.94850000000001, quantity=np.float64(0.17668810917224675), type='SELL', entry_equity=np.float64(10073.085936273785)), Trade(entry_date=np.datetime64('2023-01-05T00:00:00.000000000'), entry_price=103.94800000000001, quantity=np.float64(0.05391031543541658), type='SELL', entry_equity=np.float64(10165.000022782264)), Trade(entry_date=np.datetime64('2023-01-06T00:00:00.000000000'), entry_price=104.9475, quantity=np.float64(0.05331424755570424), type='SELL', entry_equity=np.float64(10256.860225930464)), Trade(entry_date=np.datetime64('2023-01-07T00:00:00.000000000'), entry_price=105.947, quantity=np.float64(92.8533422288843), type='SELL', entry_equity=np.float64(10339.829608439111))])
 +    where [Trade(entry_date=np.datetime64('2023-01-03T00:00:00.000000000'), entry_price=102.05099999999999, quantity=np.float64(93.13725490104767), type='BUY', entry_equity=np.float64(9990.495250000093)), Trade(entry_date=np.datetime64('2023-01-04T00:00:00.000000000'), entry_price=102.94850000000001, quantity=np.float64(0.17668810917224675), type='SELL', entry_equity=np.float64(10073.085936273785)), Trade(entry_date=np.datetime64('2023-01-05T00:00:00.000000000'), entry_price=103.94800000000001, quantity=np.float64(0.05391031543541658), type='SELL', entry_equity=np.float64(10165.000022782264)), Trade(entry_date=np.datetime64('2023-01-06T00:00:00.000000000'), entry_price=104.9475, quantity=np.float64(0.05331424755570424), type='SELL', entry_equity=np.float64(10256.860225930464)), Trade(entry_date=np.datetime64('2023-01-07T00:00:00.000000000'), entry_price=105.947, quantity=np.float64(92.8533422288843), type='SELL', entry_equity=np.float64(10339.829608439111))] = <src.backtest_engine.BacktestEngine object at 0x0000023BCB007950>.trades
============================== 1 failed in 0.44s ==============================
